// 重构日志: e5ad3667
// 重构日志: 91cac837
// 重构日志: 15b222dd
// 重构日志: 62cff547
// 同步 ID: 51f61534 @ Fri Jul 24 13:14:10 UTC 2026
// 重构日志: 3bbda6fa
// 重构日志: 17504818
// 同步 ID: 8d4fa866 @ Sat Jul 25 11:27:11 UTC 2026
// 同步 ID: cd85feb4 @ Sat Jul 25 13:53:21 UTC 2026
// 重构日志: a2271e95
// 同步 ID: 0f2c5b49 @ Sat Jul 25 18:49:45 UTC 2026
// 同步 ID: 6fbd74cb @ Sun Jul 26 11:12:59 UTC 2026
// 重构日志: b2d8cae8
// 重构日志: cc3bf8ab
// 重构日志: f31b401c
// 同步 ID: f9153b14 @ Thu Jul 30 23:11:11 UTC 2026
// 同步 ID: f80b1044 @ Fri Jul 31 10:18:35 UTC 2026
// 同步 ID: b35b5d8c @ Fri Jul 31 12:36:15 UTC 2026
// 同步 ID: 709e0772 @ Sat Aug  1 12:00:39 UTC 2026
// 重构日志: bc9e0680
// 重构日志: 3ace3739
// 重构日志: 60ce0787
// 同步 ID: b9306886 @ Tue Aug  4 18:21:57 UTC 2026
// 同步 ID: f112bf59 @ Wed Aug  5 07:24:20 UTC 2026
// 重构日志: a97d270c
// 同步 ID: 85005891 @ Wed Aug  5 19:00:10 UTC 2026
// 同步 ID: e2c83ecc @ Thu Aug  6 08:57:31 UTC 2026
// 同步 ID: c282bcec @ Thu Aug  6 12:01:50 UTC 2026
// 重构日志: 78c13912
// 同步 ID: 5261c5d2 @ Sat Aug  8 01:52:18 UTC 2026
// 重构日志: 8206cb05
// 重构日志: 877716c7
// 重构日志: b0095b18
// 重构日志: 14f4ca3a
// 重构日志: e88d4ee7
// 重构日志: fbaceb6b
